{"textDocument": {"uri": "file://goTo.lean"},
 "position": {"line": 6, "character": 9}}
[{"targetUri": "file:///home/wjn/lean4/src/Init/Prelude.lean",
  "targetSelectionRange":
  {"start": {"line": 341, "character": 10},
   "end": {"line": 341, "character": 13}},
  "targetRange":
  {"start": {"line": 341, "character": 0},
   "end": {"line": 343, "character": 24}},
  "originSelectionRange":
  {"start": {"line": 6, "character": 9}, "end": {"line": 6, "character": 12}}}]
{"textDocument": {"uri": "file://goTo.lean"},
 "position": {"line": 12, "character": 2}}
[{"targetUri": "file://goTo.lean",
  "targetSelectionRange":
  {"start": {"line": 6, "character": 2}, "end": {"line": 6, "character": 6}},
  "targetRange":
  {"start": {"line": 6, "character": 2}, "end": {"line": 6, "character": 6}},
  "originSelectionRange":
  {"start": {"line": 12, "character": 2}, "end": {"line": 12, "character": 6}}}]
{"textDocument": {"uri": "file://goTo.lean"},
 "position": {"line": 14, "character": 2}}
[{"targetUri": "file://goTo.lean",
  "targetSelectionRange":
  {"start": {"line": 7, "character": 2}, "end": {"line": 7, "character": 6}},
  "targetRange":
  {"start": {"line": 7, "character": 2}, "end": {"line": 7, "character": 6}},
  "originSelectionRange":
  {"start": {"line": 14, "character": 2}, "end": {"line": 14, "character": 6}}}]
{"textDocument": {"uri": "file://goTo.lean"},
 "position": {"line": 16, "character": 2}}
[{"targetUri": "file://goTo.lean",
  "targetSelectionRange":
  {"start": {"line": 2, "character": 10}, "end": {"line": 2, "character": 13}},
  "targetRange":
  {"start": {"line": 2, "character": 0}, "end": {"line": 2, "character": 19}},
  "originSelectionRange":
  {"start": {"line": 16, "character": 2}, "end": {"line": 16, "character": 5}}}]
{"textDocument": {"uri": "file://goTo.lean"},
 "position": {"line": 20, "character": 2}}
[{"targetUri": "file:///home/wjn/lean4/src/Lean/Elab/Declaration.lean",
  "targetSelectionRange":
  {"start": {"line": 140, "character": 4},
   "end": {"line": 140, "character": 19}},
  "targetRange":
  {"start": {"line": 140, "character": 0},
   "end": {"line": 161, "character": 41}},
  "originSelectionRange":
  {"start": {"line": 20, "character": 0},
   "end": {"line": 21, "character": 16}}}]
{"textDocument": {"uri": "file://goTo.lean"},
 "position": {"line": 24, "character": 2}}
[{"targetUri": "file:///home/wjn/lean4/src/Lean/Parser/Command.lean",
  "targetSelectionRange":
  {"start": {"line": 63, "character": 28},
   "end": {"line": 63, "character": 39}},
  "targetRange":
  {"start": {"line": 63, "character": 24},
   "end": {"line": 64, "character": 164}},
  "originSelectionRange":
  {"start": {"line": 24, "character": 0},
   "end": {"line": 24, "character": 42}}}]
{"textDocument": {"uri": "file://goTo.lean"},
 "position": {"line": 28, "character": 2}}
[{"targetUri": "file://goTo.lean",
  "targetSelectionRange":
  {"start": {"line": 24, "character": 4}, "end": {"line": 24, "character": 23}},
  "targetRange":
  {"start": {"line": 24, "character": 0}, "end": {"line": 24, "character": 42}},
  "originSelectionRange":
  {"start": {"line": 28, "character": 2}, "end": {"line": 28, "character": 3}}}]
{"textDocument": {"uri": "file://goTo.lean"},
 "position": {"line": 32, "character": 14}}
[{"targetUri": "file://goTo.lean",
  "targetSelectionRange":
  {"start": {"line": 10, "character": 4}, "end": {"line": 10, "character": 10}},
  "targetRange":
  {"start": {"line": 10, "character": 0}, "end": {"line": 17, "character": 1}},
  "originSelectionRange":
  {"start": {"line": 32, "character": 14},
   "end": {"line": 32, "character": 20}}}]
